1-TRADITIONAL.pro
traditional_ain-t-no-grave.pro
traditional_barbara-allen.pro
traditional_delia.pro
traditional_fare-thee-well.pro
traditional_hangman.pro
traditional_hang-me.pro
traditional_house-carpenter.pro
traditional_house-of-the-rising-sun.pro
traditional_john-barleycorn.pro
traditional_john-henry.pro
traditional_lakes-of-pontchartrain.pro
traditional_lily-of-the-west.pro
traditional_little-sadie.pro
traditional_matty-groves.pro
traditional_moonshiner.pro
traditional_omie-wise.pro
traditional_shady-grove.pro
traditional_stackerlee.pro
traditional_st-james-infirmary.pro
traditional_the-boy-who-wouldn-t-hoe-corn.pro
traditional_trail-of-the-buffalo.pro
traditional_wayfaring-stranger.pro
boothill-society_cowboy-man.pro
boothill-society_flying-shoes.pro
boothill-society_good-bye-honey.pro
boothill-society_he-was-a-friend.pro
boothill-society_i-ain-t-be-that-person.pro
boothill-society_leave-them-where-they-die.pro
boothill-society_oh-johnny.pro
boothill-society_one-day.pro
boothill-society_one-too-many.pro
boothill-society_plans-for-my-31st-birthday.pro
boothill-society_the-day-i-found-the-blues.pro

