1_traditional/chapter.pro
1_traditional/traditional_ain-t-no-grave.pro
1_traditional/traditional_barbara-allen.pro
1_traditional/traditional_delia.pro
1_traditional/traditional_fare-thee-well.pro
1_traditional/traditional_hangman.pro
1_traditional/traditional_hang-me.pro
1_traditional/traditional_house-carpenter.pro
1_traditional/traditional_house-of-the-rising-sun.pro
1_traditional/traditional_john-barleycorn.pro
1_traditional/traditional_john-henry.pro
1_traditional/traditional_lakes-of-pontchartrain.pro
1_traditional/traditional_lily-of-the-west.pro
1_traditional/traditional_little-sadie.pro
1_traditional/traditional_matty-groves.pro
1_traditional/traditional_moonshiner.pro
1_traditional/traditional_omie-wise.pro
1_traditional/traditional_shady-grove.pro
1_traditional/traditional_stackerlee.pro
1_traditional/traditional_st-james-infirmary.pro
1_traditional/traditional_the-boy-who-wouldn-t-hoe-corn.pro
1_traditional/traditional_trail-of-the-buffalo.pro
1_traditional/traditional_wayfaring-stranger.pro
3_boothill-society/chapter.pro
3_boothill-society/boothill-society_cowboy-man.pro
3_boothill-society/boothill-society_flying-shoes.pro
3_boothill-society/boothill-society_good-bye-honey.pro
3_boothill-society/boothill-society_he-was-a-friend.pro
3_boothill-society/boothill-society_i-ain-t-be-that-person.pro
3_boothill-society/boothill-society_leave-them-where-they-die.pro
3_boothill-society/boothill-society_oh-johnny.pro
3_boothill-society/boothill-society_one-day.pro
3_boothill-society/boothill-society_one-too-many.pro
3_boothill-society/boothill-society_plans-for-my-31st-birthday.pro
3_boothill-society/boothill-society_the-day-i-found-the-blues.pro

